Log-file of program ./dymosim
(generated: Mon Mar 10 23:54:31 2025)

dymosim started
... "Modelica.Electrical.Machines.Examples.InductionMachines.IMC_InverterDrive" simulating
... "dsin.txt" loading (dymosim input file)
... "result.mat" creating (simulation result file)

Integration started at T = 0 using integration method DASSL
(DAE multi-step solver (dassl/dasslrt of Petzold modified by Dassault Systemes))

Integration terminated successfully at T = 1.5
   CPU-time for integration                : 23 seconds
   CPU-time for one grid interval          : 0.384 milliseconds
   CPU-time for initialization             : 0.001 seconds
   Number of result points                 : 101686
   Number of grid points                   : 60001
   Number of accepted steps                : 539637
   Number of f-evaluations (dynamics)      : 762299
   Number of crossing function evaluations : 627417
   Number of Jacobian-evaluations          : 379313
   Number of model time events             : 20903
   Number of input time events             : 0
   Number of state events                  : 1474
   Number of step events                   : 0
   Minimum integration stepsize            : 2.23e-18
   Maximum integration stepsize            : 7.07e-05
   Maximum integration order               : 5
Calling terminal section
... "dsfinal.txt" creating (final states)

SUCCESSFUL simulation of Modelica.Electrical.Machines.Examples.InductionMachines.IMC_InverterDrive
